
Output file            : ITCER_m20.out
Estimation method      : exact maximum likelihood
Check for invertibility: constrained search

Observations: 84.
Parameters  : 4.

**** GRADIENT STOPPING CRITERIUM SATISFIED TO WITHIN TOLERANCE LIMITS
**** CONVERGENCE OBTAINED AFTER 19 ITERATIONS [GRADIENT NORM = 0.0000]

Omegas for deterministic variable 1:
     -8.119461  (1.794993) [ 1]
      7.953880  (1.660040) [ 2]
Coefficients for regular AR factor 1:
      0.207745  (0.111196) [ 3]
Mean parameter (mu):
     -0.730771  (0.289482) [ 4]

Box-Cox lambda     :  0.0
Seasonal period    :  4
Regular differences:  1
Annual differences :  0
Irreducible factors:  0 0 0

Coefficients of the non-stationary operator: 
  u[ 1]     =    1.0000000000
Coefficients of the Autoregressive operator: 
  phi[ 1]   =    0.2077453326
Coefficients of the Moving-Average operator: 

sigma2:   5.1573631974 (   0.8005780314)
sigma :   2.2709828703
logelf: -185.8716125898

Selection Model Criterium:
Hannan-Quinn =   1.71
Schwarz   =   1.85

Estimated covariance matrix:

x[ 1] ->  3.221998457
x[ 2] -> -1.844014948  2.755731971
x[ 3] ->  0.051407164 -0.060833805  0.012364632
x[ 4] -> -0.015539456 -0.022859838 -0.001826000  0.083799637


Estimated correlation matrix:

x[ 1] ->  1.00
x[ 2] -> -0.62  1.00
x[ 3] ->  0.26 -0.33  1.00
x[ 4] -> -0.03 -0.05 -0.06  1.00

Correlations greater than or equal to 0.7 in absolute value:


Unconditional residuals (seasonal period: 4)
83 observations: from 2/2004 to 4/2024

                  Mean:          -0.001770
Standard error of mean:           0.249269
              Variance:           5.157189
    Standard deviation:           2.270944
              Skewness:          -0.177722
              Kurtosis:          -0.618611
           Jarque-Bera:           1.654316
               Minimum:          -5.387164 at  3/2015 (observation  46)
               Maximum:           4.414719 at  2/2016 (observation  49)

Standardized time series plot (original values on right-side column):

                 -2        -1          0         +1        +2     
-------------+----+---------+----------+----------+---------+----+--------------
   1  2/2004 |    :         :          |  *       :         :    |  0.5614221734
   2  3/2004 |    :         :          |        * :         :    |  2.0193106891
   3  4/2004 +    :         :          |          :       * :    +  4.1083104441
   4  1/2005 |    :         :          | *        :         :    |  0.4710590294
   5  2/2005 |    :         :          |        * :         :    |  1.9780478173
   6  3/2005 |    :         :          *          :         :    | -0.0047169756
   7  4/2005 +    :         :         *|          :         :    + -0.1552523938
   8  1/2006 |    :         :          |      *   :         :    |  1.5598149174
   9  2/2006 |    :         :          |    *     :         :    |  1.0530457463
  10  3/2006 |    :         :         *|          :         :    | -0.1781953454
  11  4/2006 +    :         :          |  *       :         :    +  0.7447780922
  12  1/2007 |    :         :   *      |          :         :    | -1.5773149156
  13  2/2007 |    :         :          |          :  *      :    |  3.0953275366
  14  3/2007 |    :  *      :          |          :         :    | -3.9569820797
  15  4/2007 +    :         :          |      *   :         :    +  1.4087119957
  16  1/2008 |    :         :     *    |          :         :    | -0.9983612538
  17  2/2008 |    :*        :          |          :         :    | -4.3800286198
  18  3/2008 |    :*        :          |          :         :    | -4.2330559312
  19  4/2008 +    :         :   *      |          :         :    + -1.4349912407
  20  1/2009 |    :         :    *     |          :         :    | -1.2394431915
  21  2/2009 |    :         :         *|          :         :    | -0.2981698445
  22  3/2009 |    :         :          |          :        *:    |  4.2325085331
  23  4/2009 +    :         :          |          *         :    +  2.3237524481
  24  1/2010 |    :         :    *     |          :         :    | -1.2805656187
  25  2/2010 |    :         :          |   *      :         :    |  0.9550021217
  26  3/2010 |    :         :          |       *  :         :    |  1.7533781405
  27  4/2010 +    :         :    *     |          :         :    + -1.3015569346
  28  1/2011 |    :         *          |          :         :    | -2.4626229767
  29  2/2011 |    :         :          |          :*        :    |  2.5760205353
  30  3/2011 |    :         :   *      |          :         :    | -1.4389547060
  31  4/2011 +    :         :*         |          :         :    + -2.0688119328
  32  1/2012 |    :         :          |        * :         :    |  1.9356298870
  33  2/2012 |    :     *   :          |          :         :    | -3.1660638624
  34  3/2012 |    :         :          |*         :         :    |  0.1083783524
  35  4/2012 +    :         :          |  *       :         :    +  0.5813089717
  36  1/2013 |    :         : *        |          :         :    | -2.0230136139
  37  2/2013 |    :         :  *       |          :         :    | -1.6923404790
  38  3/2013 |    :         :  *       |          :         :    | -1.7415452960
  39  4/2013 +    :         :         *|          :         :    + -0.1854543111
  40  1/2014 |    :         :       *  |          :         :    | -0.5663717934
  41  2/2014 |    :         :          |        * :         :    |  2.0404021850
  42  3/2014 |    :     *   :          |          :         :    | -3.2559949655
  43  4/2014 +    :         *          |          :         :    + -2.3374487896
  44  1/2015 |    :*        :          |          :         :    | -4.3742525089
  45  2/2015 |    :         :          |         *:         :    |  2.2002290538
  46  3/2015@|*   :         :          |          :         :    |@-5.3871642250
  47  4/2015 +    :         :          |         *:         :    +  2.1742457230
  48  1/2016 |    :         :     *    |          :         :    | -1.0881149920
  49  2/2016 |    :         :          |          :         *    |  4.4147189026
  50  3/2016 |    :         :          | *        :         :    |  0.5351079500
  51  4/2016 +    :       * :          |          :         :    + -2.8273981503
  52  1/2017 |    :         :          |          :   *     :    |  3.1528015319
  53  2/2017 |    :         :          |         *:         :    |  2.0628690136
  54  3/2017 |    :         :          |  *       :         :    |  0.5867237555
  55  4/2017 +    :         :          *          :         :    + -0.0668216858
  56  1/2018 |    :         :          |          :*        :    |  2.5403865454
  57  2/2018 |    :   *     :          |          :         :    | -3.6984096868
  58  3/2018 |    :         :  *       |          :         :    | -1.8313115333
  59  4/2018 +    :         :          | *        :         :    +  0.3833646732
  60  1/2019 |    :         :          |         *:         :    |  2.2464428920
  61  2/2019 |    :         :        * |          :         :    | -0.3814934522
  62  3/2019 |    :         : *        |          :         :    | -1.8608241656
  63  4/2019 +    :         :          |    *     :         :    +  1.0363061112
  64  1/2020 |    :         :       *  |          :         :    | -0.7088472844
  65  2/2020 |    :     *   :          |          :         :    | -3.1458368343
  66  3/2020 |    :         :          |          :   *     :    |  3.3176435587
  67  4/2020 +    :         :          |          : *       :    +  2.7507982695
  68  1/2021 |    :         :          | *        :         :    |  0.4750929694
  69  2/2021 |    :         :          |         *:         :    |  2.1685208637
  70  3/2021 |    :         :        * |          :         :    | -0.4519231818
  71  4/2021 +    :         :          |   *      :         :    +  0.9054993266
  72  1/2022 |    :         :          |          :   *     :    |  3.1331162741
  73  2/2022 |    :         :    *     |          :         :    | -1.1994558984
  74  3/2022 |    :        *:          |          :         :    | -2.5202711809
  75  4/2022 +    :         :          |*         :         :    +  0.3017535620
  76  1/2023 |    :         :          |          :        *:    |  4.3929004493
  77  2/2023 |    :         :          |    *     :         :    |  1.1647498639
  78  3/2023 |    :         :         *|          :         :    | -0.1634903463
  79  4/2023 +    :         :          |     *    :         :    +  1.1934631962
  80  1/2024 |    :         :          |       *  :         :    |  1.6498062862
  81  2/2024 |    :         :          |     *    :         :    |  1.3176795872
  82  3/2024 |    :        *:          |          :         :    | -2.5928572383
  83  4/2024 +    :    *    :          |          :         :    + -3.4816516128
-------------+----+---------+----------+----------+---------+----+--------------
                 -2        -1          0         +1        +2     

                 +------------------------------------------+
                 |       Table of standardized values       |
                 |       greater than or equal to 2.0       |
                 +------------------------------------------+
                 |                                          |
                 | Observation    Date   Standardized value |
                 |                                          |
                 |     46        3/2015        -2.37        |
                 +------------------------------------------+

Standardized time series histogram:

       -4      -3      -2      -1       0      +1      +2      +3      +4
        +---+---+---+---+---+---+---+---+---+---+---+---+---+---+---+---+
        |                                     16                        |
        |                                    ....                       |
        |                                 14 ....                       |
        |                         13  13 ........                       |
        |                        ................                       |
        |                        ................                       |
        |                        ................                       |
        |                        ................                       |
        |                      8 ................  8                    |
        |                    ........................                   |
        |                  6 ........................                   |
        |                ............................                   |
        |                ............................  4                |
        |                ................................               |
        |                ................................               |
        |              1 ................................               |
        |            ....................................               |
        +---+---+---+---+---+---+---+---+---+---+---+---+---+---+---+---+
       -4      -3      -2      -1       0      +1      +2      +3      +4

              27 values outside (-1,+1): 32.53 % (31.74 % expected)
               1 values outside (-2,+2):  1.20 % ( 4.56 % expected)

Autocorrelation function (acf bands = +- 0.220):

            -1                         0                         1  L-B Q  DF
-------------+-------------------------+-------------------------+--------------
   1  -0.007 |                    :    |    :                    | 
   2   0.026 |                    :    |*   :                    | 
   3   0.065 |                    :    |**  :                    | 
   4   0.098 +                    :    |++  :                    +   1.29   3
   5  -0.133 |                    : ***|    :                    | 
   6  -0.024 |                    :   *|    :                    | 
   7   0.030 |                    :    |*   :                    | 
   8  -0.055 +                    :   +|    :                    +   3.30   7
   9  -0.003 |                    :    |    :                    | 
  10  -0.005 |                    :    |    :                    | 
  11  -0.037 |                    :   *|    :                    | 
  12  -0.090 +                    :  ++|    :                    +   4.24  11
  13   0.088 |                    :    |**  :                    | 
  14  -0.065 |                    :  **|    :                    | 
  15  -0.088 |                    :  **|    :                    |   6.25  14
-------------+-------------------------+-------------------------+--------------
            -1                         0                         1  L-B Q  DF

Partial autocorrelation function (pacf bands = +- 0.220):

            -1                         0                         1
-------------+-------------------------+-------------------------+--------------
   1  -0.007 |                    :    |    :                    | 
   2   0.026 |                    :    |*   :                    | 
   3   0.066 |                    :    |**  :                    | 
   4   0.098 +                    :    |++  :                    + 
   5  -0.136 |                    : ***|    :                    | 
   6  -0.036 |                    :   *|    :                    | 
   7   0.025 |                    :    |*   :                    | 
   8  -0.046 +                    :   +|    :                    + 
   9   0.026 |                    :    |*   :                    | 
  10  -0.018 |                    :    |    :                    | 
  11  -0.046 |                    :   *|    :                    | 
  12  -0.077 +                    :  ++|    :                    + 
  13   0.081 |                    :    |**  :                    | 
  14  -0.054 |                    :   *|    :                    | 
  15  -0.080 |                    :  **|    :                    | 
-------------+-------------------------+-------------------------+--------------
            -1                         0                         1

      +------------------------------------------------------+
      |         Calibration of distortions of the ACF        |
      |                                                      |
      +------------------------------------------------------+
      |                                                      |
      |     Lag                 Dates          Contribution  |
      |                                                      |
      |  r(1) = -0.007       2/2007 -  3/2007       -0.029    |
      |                     2/2015 -  3/2015       -0.028    |
      |                     3/2015 -  4/2015       -0.027    |
      |                     2/2020 -  3/2020       -0.024    |
      |                                                      |
      |  r(2) = 0.026        1/2015 -  3/2015        0.055    |
      |                     3/2014 -  1/2015        0.033    |
      |                     4/2015 -  2/2016        0.022    |
      |                     4/2004 -  2/2005        0.019    |
      |                                                      |
      |  r(3) = 0.065        3/2007 -  2/2008        0.040    |
      |                     2/2016 -  1/2017        0.033    |
      |                     4/2014 -  3/2015        0.029    |
      |                     3/2020 -  2/2021        0.017    |
      |                                                      |
      |  r(4) = 0.098        3/2014 -  3/2015        0.041    |
      |                     3/2007 -  3/2008        0.039    |
      |                     1/2022 -  1/2023        0.032    |
      |                     2/2015 -  2/2016        0.023    |
      |                                                      |
      |  r(5) = -0.133       1/2015 -  2/2016       -0.045    |
      |                     2/2008 -  3/2009       -0.043    |
      |                     2/2007 -  3/2008       -0.031    |
      |                     1/2017 -  2/2018       -0.027    |
      |                                                      |
      |  r(6) = -0.024       3/2015 -  1/2017       -0.040    |
      |                     1/2023 -  3/2024       -0.027    |
      |                     3/2009 -  1/2011       -0.024    |
      |                     4/2014 -  2/2016       -0.024    |
      |                                                      |
      |  r(7) = 0.030        1/2015 -  4/2016        0.029    |
      |                     2/2016 -  1/2018        0.026    |
      |                     3/2009 -  2/2011        0.025    |
      |                     2/2021 -  1/2023        0.022    |
      |                                                      |
      |  r(8) = -0.055       3/2007 -  3/2009       -0.039    |
      |                     2/2016 -  2/2018       -0.038    |
      |                     1/2015 -  1/2017       -0.032    |
      |                     3/2020 -  3/2022       -0.020    |
      |                                                      |
      |  r(9) = -0.003       2/2018 -  3/2020       -0.029    |
      |                     3/2007 -  4/2009       -0.021    |
      |                     1/2015 -  2/2017       -0.021    |
      |                     3/2009 -  4/2011       -0.020    |
      |                                                      |
      |  r(10) = -0.005       3/2015 -  1/2018       -0.032    |
      |                     3/2014 -  1/2017       -0.024    |
      |                     2/2018 -  4/2020       -0.024    |
      |                     1/2022 -  3/2024       -0.019    |
      |                                                      |
      |  r(11) = -0.037       4/2004 -  3/2007       -0.038    |
      |                     2/2020 -  1/2023       -0.032    |
      |                     3/2009 -  2/2012       -0.031    |
      |                     1/2022 -  4/2024       -0.025    |
      |                                                      |
      |  r(12) = -0.090       2/2008 -  2/2011       -0.026    |
      |                     1/2015 -  1/2018       -0.026    |
      |                     2/2005 -  2/2008       -0.020    |
      |                     1/2012 -  1/2015       -0.020    |
      |                                                      |
      |  r(13) = 0.088        2/2012 -  3/2015        0.040    |
      |                     1/2015 -  2/2018        0.038    |
      |                     4/2011 -  1/2015        0.021    |
      |                     3/2008 -  4/2011        0.020    |
      |                                                      |
      |  r(14) = -0.065       4/2004 -  2/2008       -0.042    |
      |                     3/2015 -  1/2019       -0.028    |
      |                     1/2012 -  3/2015       -0.024    |
      |                     3/2009 -  1/2013       -0.020    |
      |                                                      |
      |  r(15) = -0.088       4/2004 -  3/2008       -0.041    |
      |                     2/2018 -  1/2022       -0.027    |
      |                     2/2011 -  1/2015       -0.026    |
      |                     3/2007 -  2/2011       -0.024    |
      |                                                      |
      +------------------------------------------------------+
