
Output file            : IPC_ES_m11.out
Estimation method      : exact maximum likelihood
Check for invertibility: constrained search

Observations: 263.
Parameters  : 19.

**** GRADIENT STOPPING CRITERIUM SATISFIED TO WITHIN TOLERANCE LIMITS
**** CONVERGENCE OBTAINED AFTER 42 ITERATIONS [GRADIENT NORM = 0.0000]

Omegas for deterministic variable 1:
     -0.134995  (0.073044) [ 1]
Omegas for deterministic variable 2:
     -0.150433  (0.073835) [ 2]
Omegas for deterministic variable 3:
      0.074265  (0.016899) [ 3]
Omegas for deterministic variable 4:
     -0.029292  (0.016659) [ 4]
Omegas for deterministic variable 5:
      0.061242  (0.011826) [ 5]
Omegas for deterministic variable 6:
     -0.009544  (0.011947) [ 6]
Omegas for deterministic variable 7:
     -0.002650  (0.009850) [ 7]
Omegas for deterministic variable 8:
      0.016065  (0.009474) [ 8]
Omegas for deterministic variable 9:
      0.112898  (0.006046) [ 9]
Omegas for deterministic variable 10:
      0.633706  (0.261697) [10]
Omegas for deterministic variable 11:
      2.473102  (0.276131) [11]
      0.833687  (0.315897) [12]
     -0.775131  (0.313658) [13]
     -1.437970  (0.289423) [14]
Omegas for deterministic variable 12:
      1.300109  (0.295665) [15]
     -0.760912  (0.303785) [16]
Coefficients for regular AR factor 1:
      0.362525  (0.056613) [17]
Coefficients for regular f-fixed MA factor 1 [f = 2.0]:
      0.925148
     -0.855898  (0.034801) [18]
Mean parameter (mu):
      0.156660  (0.026931) [19]

Box-Cox lambda     :  0.0
Seasonal period    : 12
Regular differences:  1
Annual differences :  0
Irreducible factors:  0 0 1 0 0 0 0

Coefficients of the non-stationary operator: 
  u[ 1]     =    2.0000000000
  u[ 2]     =   -2.0000000000
  u[ 3]     =    1.0000000000
Coefficients of the Autoregressive operator: 
  phi[ 1]   =    0.3625251046
Coefficients of the Moving-Average operator: 
  theta[ 1] =    0.9251475826
  theta[ 2] =   -0.8558980496

sigma2:   0.0947426790 (   0.0083094826)
sigma :   0.3078029873
logelf: -63.8471896049

Selection Model Criterium:
Hannan-Quinn =  -2.32
Schwarz   =  -2.23

Estimated covariance matrix:

x[ 1] ->  0.005335375
x[ 2] ->  0.000571589  0.005451627
x[ 3] -> -0.000030102 -0.000001685  0.000285583
x[ 4] ->  0.000027350  0.000009926  0.000007590  0.000277515
x[ 5] -> -0.000007913 -0.000012441 -0.000005350  0.000003731  0.000139850
x[ 6] ->  0.000008549  0.000007390  0.000006695 -0.000001363  0.000007304  0.000142720
x[ 7] ->  0.000004067  0.000015615  0.000005371 -0.000004329 -0.000000829 -0.000000377  0.000097026
x[ 8] -> -0.000012694  0.000001043  0.000001379 -0.000000708  0.000003483 -0.000002669  0.000006590  0.000089760
x[ 9] ->  0.000000937  0.000005814  0.000001896 -0.000002270  0.000000060  0.000000064  0.000001065 -0.000001314  0.000036552
x[10] -> -0.000898896  0.000061106  0.000339601 -0.000358199 -0.000210729 -0.000154966 -0.000084791  0.000266929  0.000127064  0.068485169
x[11] ->  0.002182587  0.000129083 -0.000359562  0.000023597 -0.000097408 -0.000235931  0.000085410 -0.000180907  0.000074826 -0.005245710  0.076248485
x[12] -> -0.002068041 -0.000828464  0.000387729  0.000378542 -0.000215398  0.000176639 -0.000060021 -0.000164980  0.000091917  0.001976599 -0.033366481  0.099790899
x[13] -> -0.001823015 -0.001816018 -0.000290860  0.000459791  0.000033447 -0.000233379  0.000135670  0.000143320 -0.000071595 -0.001072328 -0.007128561  0.036513637  0.098381539
x[14] -> -0.000859508 -0.001759374 -0.000406111 -0.000136073  0.000255903  0.000087384 -0.000249543 -0.000043411  0.000127871  0.001161157  0.001616465  0.010116718  0.030533033  0.083765670
x[15] -> -0.000162773 -0.001977862  0.000464794 -0.000045428  0.000265710 -0.000070072  0.000311352 -0.000023925  0.000143326  0.004896732  0.003154639  0.005374151  0.006339885 -0.001899785  0.087417776
x[16] -> -0.000580978  0.001909198 -0.000527247 -0.000291615 -0.000146155 -0.000325151  0.000113227 -0.000239416  0.000125293  0.001169404  0.004802081 -0.006584416 -0.008475898 -0.001446029 -0.034230413  0.092285167
x[17] ->  0.000168336 -0.000230812  0.000043537 -0.000031960  0.000000941  0.000013071 -0.000007000 -0.000008994  0.000001347 -0.000625809 -0.002442759  0.002017250  0.000713781 -0.000048460  0.002051319 -0.001778044  0.003205006
x[18] ->  0.000034455  0.000160512 -0.000019387 -0.000023918 -0.000030592  0.000010741 -0.000008890 -0.000012734 -0.000001595 -0.000311712  0.000370586 -0.000917028 -0.001033724  0.000176228 -0.003140917  0.002484011 -0.000433570  0.001211102
x[19] -> -0.000028183  0.000035812 -0.000006791  0.000020201  0.000001800  0.000001133 -0.000001066  0.000001337 -0.000000729 -0.000257961 -0.000452268  0.000641756  0.000545945  0.000487118 -0.000520047  0.000489306 -0.000018450  0.000085475  0.000725265


Estimated correlation matrix:

x[ 1] ->  1.00
x[ 2] ->  0.11  1.00
x[ 3] -> -0.02 -0.00  1.00
x[ 4] ->  0.02  0.01  0.03  1.00
x[ 5] -> -0.01 -0.01 -0.03  0.02  1.00
x[ 6] ->  0.01  0.01  0.03 -0.01  0.05  1.00
x[ 7] ->  0.01  0.02  0.03 -0.03 -0.01 -0.00  1.00
x[ 8] -> -0.02  0.00  0.01 -0.00  0.03 -0.02  0.07  1.00
x[ 9] ->  0.00  0.01  0.02 -0.02  0.00  0.00  0.02 -0.02  1.00
x[10] -> -0.05  0.00  0.08 -0.08 -0.07 -0.05 -0.03  0.11  0.08  1.00
x[11] ->  0.11  0.01 -0.08  0.01 -0.03 -0.07  0.03 -0.07  0.04 -0.07  1.00
x[12] -> -0.09 -0.04  0.07  0.07 -0.06  0.05 -0.02 -0.06  0.05  0.02 -0.38  1.00
x[13] -> -0.08 -0.08 -0.05  0.09  0.01 -0.06  0.04  0.05 -0.04 -0.01 -0.08  0.37  1.00
x[14] -> -0.04 -0.08 -0.08 -0.03  0.07  0.03 -0.09 -0.02  0.07  0.02  0.02  0.11  0.34  1.00
x[15] -> -0.01 -0.09  0.09 -0.01  0.08 -0.02  0.11 -0.01  0.08  0.06  0.04  0.06  0.07 -0.02  1.00
x[16] -> -0.03  0.09 -0.10 -0.06 -0.04 -0.09  0.04 -0.08  0.07  0.01  0.06 -0.07 -0.09 -0.02 -0.38  1.00
x[17] ->  0.04 -0.06  0.05 -0.03  0.00  0.02 -0.01 -0.02  0.00 -0.04 -0.16  0.11  0.04 -0.00  0.12 -0.10  1.00
x[18] ->  0.01  0.06 -0.03 -0.04 -0.07  0.03 -0.03 -0.04 -0.01 -0.03  0.04 -0.08 -0.09  0.02 -0.31  0.23 -0.22  1.00
x[19] -> -0.01  0.02 -0.01  0.05  0.01  0.00 -0.00  0.01 -0.00 -0.04 -0.06  0.08  0.06  0.06 -0.07  0.06 -0.01  0.09  1.00

Correlations greater than or equal to 0.7 in absolute value:


Unconditional residuals (seasonal period: 12)
260 observations: from 4/2002 to 11/2023

                  Mean:          -0.000596
Standard error of mean:           0.019076
              Variance:           0.094616
    Standard deviation:           0.307597
              Skewness:           0.090442
              Kurtosis:           1.241189
           Jarque-Bera:          16.912649
               Minimum:          -0.972133 at  2/2021 (observation 227)
               Maximum:           1.158739 at 12/2021 (observation 237)

Standardized time series plot (original values on right-side column):

                  -3     -2    -1      0     +1    +2     +3      
-------------+-----+------+-----+------+------+-----+------+-----+--------------
   1  4/2002 |            :     :      |    * :     :            |  0.2136788163
   2  5/2002 |            :     :      |*     :     :            |  0.0631561769
   3  6/2002 |            :     :    * |      :     :            | -0.0817834296
   4  7/2002 |            :     :      | *    :     :            |  0.0728535463
   5  8/2002 |            :     :      |*     :     :            |  0.0337542068
   6  9/2002 |            :     :      |*     :     :            |  0.0328973808
   7 10/2002 |            :     :      |*     :     :            |  0.0584232342
   8 11/2002 |            :     :     *|      :     :            | -0.0427243843
   9 12/2002 +            :     :      |      : *   :            +  0.4182588026
  10  1/2003 |            :     :      |      :  *  :            |  0.4639301808
  11  2/2003 |            :     :    * |      :     :            | -0.1124694876
  12  3/2003 |            :     :      |*     :     :            |  0.0463202408
  13  4/2003 |            :     : *    |      :     :            | -0.2267451665
  14  5/2003 |            :     :  *   |      :     :            | -0.1728980112
  15  6/2003 |            :     :      | *    :     :            |  0.0690807468
  16  7/2003 |            :     :     *|      :     :            | -0.0247808883
  17  8/2003 |            :     :      |  *   :     :            |  0.1452706253
  18  9/2003 |            :     :      *      :     :            | -0.0235872916
  19 10/2003 |            :     :    * |      :     :            | -0.0885995203
  20 11/2003 |            :     :      |      *     :            |  0.3028136808
  21 12/2003 +            :     :      |*     :     :            +  0.0686879577
  22  1/2004 |            :     :      |  *   :     :            |  0.1203171762
  23  2/2004 |            :     :  *   |      :     :            | -0.1815183998
  24  3/2004 |            :     :      |   *  :     :            |  0.1683643476
  25  4/2004 |            :     :      |      :*    :            |  0.3689548198
  26  5/2004 |            :     :      |     *:     :            |  0.2707104631
  27  6/2004 |            :     :   *  |      :     :            | -0.1180102914
  28  7/2004 |            :     :    * |      :     :            | -0.1070606587
  29  8/2004 |            :     :      |     *:     :            |  0.2702137658
  30  9/2004 |            :     :   *  |      :     :            | -0.1464598437
  31 10/2004 |            :     :      |    * :     :            |  0.2278370082
  32 11/2004 |            :     :      *      :     :            | -0.0079761036
  33 12/2004 +            :     :   *  |      :     :            + -0.1352927808
  34  1/2005 |            :     :      |   *  :     :            |  0.1923575275
  35  2/2005 |            :     :      |  *   :     :            |  0.1269680926
  36  3/2005 |            :     :      | *    :     :            |  0.0985722517
  37  4/2005 |            :     :      |      *     :            |  0.3255171559
  38  5/2005 |            :     :   *  |      :     :            | -0.1526870269
  39  6/2005 |            :     :      |   *  :     :            |  0.2040893027
  40  7/2005 |            :     :      |*     :     :            |  0.0339937223
  41  8/2005 |            :     :      |   *  :     :            |  0.1662380992
  42  9/2005 |            :     :      |    * :     :            |  0.2487210247
  43 10/2005 |            :     :  *   |      :     :            | -0.1791653899
  44 11/2005 |            :     :      |*     :     :            |  0.0608090849
  45 12/2005 +            :     :      |     *:     :            +  0.2769842438
  46  1/2006 |            :     :      |      :  *  :            |  0.4697816928
  47  2/2006 |            :     *      |      :     :            | -0.3159592632
  48  3/2006 |            :     :      |  *   :     :            |  0.1407576597
  49  4/2006 |            :     :      |      :*    :            |  0.3801355875
  50  5/2006 |            :     :      |*     :     :            |  0.0351279211
  51  6/2006 |            :     :      *      :     :            |  0.0087520402
  52  7/2006 |            :     :      |*     :     :            |  0.0618717474
  53  8/2006 |            :     :    * |      :     :            | -0.0713560809
  54  9/2006 |            :   * :      |      :     :            | -0.3985957404
  55 10/2006 |            :     : *    |      :     :            | -0.2427456142
  56 11/2006 |            :     :      |    * :     :            |  0.2238364018
  57 12/2006 +            :     :      |  *   :     :            +  0.1464739550
  58  1/2007 |            :     :      |  *   :     :            |  0.1380990879
  59  2/2007 |            :     :    * |      :     :            | -0.0820760459
  60  3/2007 |            :     :      |     *:     :            |  0.2790057948
  61  4/2007 |            :     :      |      *     :            |  0.3341563131
  62  5/2007 |            :     :    * |      :     :            | -0.1103003300
  63  6/2007 |            :     :      *      :     :            |  0.0051858539
  64  7/2007 |            :     :    * |      :     :            | -0.1020903864
  65  8/2007 |            :     :     *|      :     :            | -0.0271485820
  66  9/2007 |            :     :      |   *  :     :            |  0.1693796439
  67 10/2007 |            :     :      |      : *   :            |  0.4116545335
  68 11/2007 |            :     :      |      *     :            |  0.3075147547
  69 12/2007 +            :     :      |   *  :     :            +  0.1907265815
  70  1/2008 |            :     :      |     *:     :            |  0.2815206276
  71  2/2008 |            :     :      |*     :     :            |  0.0557725694
  72  3/2008 |            :     :      |      *     :            |  0.3117724393
  73  4/2008 |            :     :   *  |      :     :            | -0.1282455849
  74  5/2008 |            :     :      |      :*    :            |  0.3845965411
  75  6/2008 |            :     :      |    * :     :            |  0.2500565099
  76  7/2008 |            :     :      | *    :     :            |  0.0703278611
  77  8/2008 |            :    *:      |      :     :            | -0.3828558086
  78  9/2008 |            :     :      |*     :     :            |  0.0238606335
  79 10/2008 |            :  *  :      |      :     :            | -0.4590293205
  80 11/2008 |            :*    :      |      :     :            | -0.5733247772
  81 12/2008 +            :   * :      |      :     :            + -0.4187516372
  82  1/2009 |            :     :    * |      :     :            | -0.0875273808
  83  2/2009 |            :     :      | *    :     :            |  0.0771255806
  84  3/2009 |            :    *:      |      :     :            | -0.3795695414
  85  4/2009 |            :     :      |  *   :     :            |  0.1216758102
  86  5/2009 |            :     :*     |      :     :            | -0.2926310334
  87  6/2009 |            :     :      |      :*    :            |  0.3646585157
  88  7/2009 |            :    *:      |      :     :            | -0.3651805094
  89  8/2009 |            :     :      |     *:     :            |  0.2662872914
  90  9/2009 |            :  *  :      |      :     :            | -0.4506893514
  91 10/2009 |            :     :      | *    :     :            |  0.1110470570
  92 11/2009 |            :     :      |      *     :            |  0.3285139085
  93 12/2009 +            :     *      |      :     :            + -0.3213989364
  94  1/2010 |            :     :      *      :     :            | -0.0208646607
  95  2/2010 |            :     :   *  |      :     :            | -0.1373462706
  96  3/2010 |            :     :      |      *     :            |  0.3415399737
  97  4/2010 |            :     :     *|      :     :            | -0.0699246204
  98  5/2010 |            :     :    * |      :     :            | -0.0976301155
  99  6/2010 |            :     :      *      :     :            |  0.0108575463
 100  7/2010 |            :     :      |    * :     :            |  0.2219678994
 101  8/2010 |            :     :      *      :     :            |  0.0102928537
 102  9/2010 |            :     :    * |      :     :            | -0.1014931660
 103 10/2010 |            :     :      |  *   :     :            |  0.1561863305
 104 11/2010 |            :     :      |    * :     :            |  0.2527892942
 105 12/2010 +            :     :      |      :*    :            +  0.3658569180
 106  1/2011 |            :     :      *      :     :            |  0.0143917274
 107  2/2011 |            :     :      | *    :     :            |  0.1116833996
 108  3/2011 |            :     :      |     *:     :            |  0.2676603725
 109  4/2011 |            :     :      |  *   :     :            |  0.1402342938
 110  5/2011 |            :   * :      |      :     :            | -0.4400323564
 111  6/2011 |            :     : *    |      :     :            | -0.2197263644
 112  7/2011 |            :     :      |    * :     :            |  0.2375001619
 113  8/2011 |            :     :   *  |      :     :            | -0.1281526176
 114  9/2011 |            :     :      | *    :     :            |  0.1010466018
 115 10/2011 |            :     :     *|      :     :            | -0.0423864600
 116 11/2011 |            :     :      |    * :     :            |  0.2124278429
 117 12/2011 +            :     :     *|      :     :            + -0.0297054223
 118  1/2012 |            :     :  *   |      :     :            | -0.1723752010
 119  2/2012 |            :     :      |  *   :     :            |  0.1520352357
 120  3/2012 |            :     :      | *    :     :            |  0.0914897949
 121  4/2012 |            :     :      |      *     :            |  0.3052605794
 122  5/2012 |            :*    :      |      :     :            | -0.5602243429
 123  6/2012 |            :     :   *  |      :     :            | -0.1188840309
 124  7/2012 |            :     :      |      :     *            |  0.5868096190
 125  8/2012 |            :     :      | *    :     :            |  0.1101558199
 126  9/2012 |            :     :     *|      :     :            | -0.0401022561
 127 10/2012 |            :     :      |*     :     :            |  0.0309192599
 128 11/2012 |            :     : *    |      :     :            | -0.2306128739
 129 12/2012 +            :     :      |   *  :     :            +  0.2042913633
 130  1/2013 |            :   * :      |      :     :            | -0.4176141278
 131  2/2013 |            :     :      |  *   :     :            |  0.1495628983
 132  3/2013 |            :     *      |      :     :            | -0.3373436012
 133  4/2013 |            : *   :      |      :     :            | -0.5182602313
 134  5/2013 |            :     :      |      *     :            |  0.3105160891
 135  6/2013 |            :     :      *      :     :            | -0.0033822815
 136  7/2013 |            :     :      |*     :     :            |  0.0316179800
 137  8/2013 |            :     :     *|      :     :            | -0.0310626739
 138  9/2013 |            :   * :      |      :     :            | -0.3949036197
 139 10/2013 |            :     :   *  |      :     :            | -0.1293846660
 140 11/2013 |            :     :      |    * :     :            |  0.2211551933
 141 12/2013 +            :     :    * |      :     :            + -0.0794754100
 142  1/2014 |            :*    :      |      :     :            | -0.5360261372
 143  2/2014 |            :     :      |*     :     :            |  0.0472736220
 144  3/2014 |            :     : *    |      :     :            | -0.2463614343
 145  4/2014 |            :     :      |*     :     :            |  0.0679187332
 146  5/2014 |            :     :  *   |      :     :            | -0.1819250613
 147  6/2014 |            :     :   *  |      :     :            | -0.1166186113
 148  7/2014 |            :     *      |      :     :            | -0.3201757140
 149  8/2014 |            :     :      |*     :     :            |  0.0649664705
 150  9/2014 |            :     :      *      :     :            |  0.0036936566
 151 10/2014 |            :     :*     |      :     :            | -0.2995058611
 152 11/2014 |            :     :   *  |      :     :            | -0.1172512661
 153 12/2014 +            *     :      |      :     :            + -0.5859142411
 154  1/2015 |            :  *  :      |      :     :            | -0.4764234027
 155  2/2015 |            :     :      |      :*    :            |  0.3490821241
 156  3/2015 |            :     :    * |      :     :            | -0.0820674410
 157  4/2015 |            :     :   *  |      :     :            | -0.1313013547
 158  5/2015 |            :     :      |      :*    :            |  0.3793501204
 159  6/2015 |            :     :      | *    :     :            |  0.0852532383
 160  7/2015 |            :     *      |      :     :            | -0.3209370110
 161  8/2015 |            :  *  :      |      :     :            | -0.4541262347
 162  9/2015 |            :     *      |      :     :            | -0.3377435178
 163 10/2015 |            :     :     *|      :     :            | -0.0426646111
 164 11/2015 |            :     :      |  *   :     :            |  0.1604306254
 165 12/2015 +            :  *  :      |      :     :            + -0.4445520517
 166  1/2016@|         *  :     :      |      :     :            |@-0.7586479099
 167  2/2016 |            :     :      |*     :     :            |  0.0657088677
 168  3/2016 |            :     :      |  *   :     :            |  0.1393873932
 169  4/2016 |            :*    :      |      :     :            | -0.5554995745
 170  5/2016 |            :     :      |      :*    :            |  0.3674143638
 171  6/2016 |            :     :      |    * :     :            |  0.2422576374
 172  7/2016 |            :     :     *|      :     :            | -0.0557894907
 173  8/2016 |            :     :      | *    :     :            |  0.0822083919
 174  9/2016 |            :     :  *   |      :     :            | -0.1798110465
 175 10/2016 |            :     :      |     *:     :            |  0.2723087560
 176 11/2016 |            :     :    * |      :     :            | -0.1058013727
 177 12/2016 +            :     :      |      :   * :            +  0.4904477117
 178  1/2017 |            :     :      |      *     :            |  0.3230379148
 179  2/2017 |            :   * :      |      :     :            | -0.4108126690
 180  3/2017 |            :     *      |      :     :            | -0.3247968917
 181  4/2017 |            :     :      | *    :     :            |  0.0719255019
 182  5/2017 |            : *   :      |      :     :            | -0.5071002075
 183  6/2017 |            :     :    * |      :     :            | -0.1079757053
 184  7/2017 |            :     :      |*     :     :            |  0.0591115050
 185  8/2017 |            :     :      |  *   :     :            |  0.1557925287
 186  9/2017 |            :     :      |*     :     :            |  0.0683638286
 187 10/2017 |            :     :      | *    :     :            |  0.0705821879
 188 11/2017 |            :     :      | *    :     :            |  0.0918393472
 189 12/2017 +            :     :  *   |      :     :            + -0.1857128487
 190  1/2018 |            :     :     *|      :     :            | -0.0546282239
 191  2/2018 |            :     :      |     *:     :            |  0.2613973610
 192  3/2018 |            :  *  :      |      :     :            | -0.4425892901
 193  4/2018 |            :     :     *|      :     :            | -0.0675480197
 194  5/2018 |            :     :      |      :     *            |  0.6129045636
 195  6/2018 |            :     :*     |      :     :            | -0.2699740983
 196  7/2018 |            :     :      *      :     :            | -0.0222452810
 197  8/2018 |            :     :      |  *   :     :            |  0.1516974058
 198  9/2018 |            :     :      |   *  :     :            |  0.1627482276
 199 10/2018 |            :     :      *      :     :            |  0.0027840253
 200 11/2018 |            : *   :      |      :     :            | -0.5046734378
 201 12/2018 +            :   * :      |      :     :            + -0.4266594604
 202  1/2019 |            :     :     *|      :     :            | -0.0658885261
 203  2/2019 |            :     :      |      :*    :            |  0.3735922970
 204  3/2019 |            :     *      |      :     :            | -0.3311072603
 205  4/2019 |            :     :      *      :     :            |  0.0107745369
 206  5/2019 |            :     :     *|      :     :            | -0.0665909474
 207  6/2019 |            :     : *    |      :     :            | -0.2288742002
 208  7/2019 |            :     :      |   *  :     :            |  0.1881991035
 209  8/2019 |            :     :*     |      :     :            | -0.2820430813
 210  9/2019 |            :     :   *  |      :     :            | -0.1212733754
 211 10/2019 |            :     :      |   *  :     :            |  0.1826415560
 212 11/2019 |            :     :   *  |      :     :            | -0.1381621651
 213 12/2019 +            :     :    * |      :     :            + -0.0936091265
 214  1/2020 |            :     :      | *    :     :            |  0.0832097098
 215  2/2020 |            :     :   *  |      :     :            | -0.1396190568
 216  3/2020@|     *      :     :      |      :     :            |@-0.9050778368
 217  4/2020 |            :    *:      |      :     :            | -0.3718250641
 218  5/2020 |            :     :     *|      :     :            | -0.0582479167
 219  6/2020 |            :     :      |     *:     :            |  0.2713323458
 220  7/2020 |            :  *  :      |      :     :            | -0.4415679470
 221  8/2020 |            :     :      |*     :     :            |  0.0489674017
 222  9/2020 |            :     :      |  *   :     :            |  0.1459774580
 223 10/2020 |            :     :*     |      :     :            | -0.2605935909
 224 11/2020 |            :     :      *      :     :            | -0.0128912650
 225 12/2020 +            :     :      |*     :     :            +  0.0377836963
 226  1/2021@|            :     :      |      :     :    *       |@ 0.8514783469
 227  2/2021@|    *       :     :      |      :     :            |@-0.9721328725
 228  3/2021@|            :     :      |      :     :      *     |@ 0.9056101684
 229  4/2021 |            :     :      |*     :     :            |  0.0462088340
 230  5/2021 |            :     :      | *    :     :            |  0.0774290848
 231  6/2021 |            :     :      | *    :     :            |  0.1033375102
 232  7/2021 |            :     : *    |      :     :            | -0.2553517219
 233  8/2021 |            :     :      |      : *   :            |  0.4226156559
 234  9/2021@|            :     :      |      :     :*           |@ 0.6497238598
 235 10/2021@|            :     :      |      :     :  *         |@ 0.7598289665
 236 11/2021 |            :     *      |      :     :            | -0.3482955698
 237 12/2021@+            :     :      |      :     :           *+@ 1.1587393464
 238  1/2022 |            :     :      |   *  :     :            |  0.1767867541
 239  2/2022@|            :     :      |      :     :*           |@ 0.6512715655
 240  3/2022 |            :     : *    |      :     :            | -0.2455511216
 241  4/2022 |            :     :*     |      :     :            | -0.2938305257
 242  5/2022 |            :     :     *|      :     :            | -0.0594237304
 243  6/2022 |            :     :      |   *  :     :            |  0.2036825487
 244  7/2022 |            :     :      |   *  :     :            |  0.1783548026
 245  8/2022 |            :     :    * |      :     :            | -0.0978211211
 246  9/2022 |            : *   :      |      :     :            | -0.5239050215
 247 10/2022@|          * :     :      |      :     :            |@-0.6805775692
 248 11/2022 |            :     :      *      :     :            |  0.0098852309
 249 12/2022 +            :     :      |*     :     :            +  0.0532066168
 250  1/2023 |            :     :      |    * :     :            |  0.2255169541
 251  2/2023 |            :     :      *      :     :            |  0.0029698058
 252  3/2023 |            :    *:      |      :     :            | -0.3646248511
 253  4/2023@|        *   :     :      |      :     :            |@-0.7678226948
 254  5/2023 |            :     :      |  *   :     :            |  0.1421889866
 255  6/2023 |            :     :      |  *   :     :            |  0.1349494832
 256  7/2023@|            :     :      |      :     :        *   |@ 1.0171418760
 257  8/2023 |            :   * :      |      :     :            | -0.3975589071
 258  9/2023 |            :     :      |      : *   :            |  0.4239941165
 259 10/2023 |            *     :      |      :     :            | -0.6038342439
 260 11/2023 |            :     :   *  |      :     :            | -0.1458223735
-------------+-----+------+-----+------+------+-----+------+-----+--------------
                  -3     -2    -1      0     +1    +2     +3      

                 +------------------------------------------+
                 |       Table of standardized values       |
                 |       greater than or equal to 2.0       |
                 +------------------------------------------+
                 |                                          |
                 | Observation    Date   Standardized value |
                 |                                          |
                 |    166        1/2016        -2.46        |
                 |    216        3/2020        -2.94        |
                 |    226        1/2021         2.77        |
                 |    227        2/2021        -3.16        |
                 |    228        3/2021         2.95        |
                 |    234        9/2021         2.11        |
                 |    235       10/2021         2.47        |
                 |    237       12/2021         3.77        |
                 |    239        2/2022         2.12        |
                 |    247       10/2022        -2.21        |
                 |    253        4/2023        -2.49        |
                 |    256        7/2023         3.31        |
                 +------------------------------------------+

Standardized time series histogram:

       -4      -3      -2      -1       0      +1      +2      +3      +4
        +---+---+---+---+---+---+---+---+---+---+---+---+---+---+---+---+
        |                                 67                            |
        |                                ....                           |
        |                             55 ....                           |
        |                            ........                           |
        |                            ........                           |
        |                            ........                           |
        |                            ........ 40                        |
        |                            ............                       |
        |                            ............                       |
        |                     28     ............                       |
        |                    .... 21 ............ 21                    |
        |                    ........................                   |
        |                    ........................                   |
        |                 11 ........................                   |
        |                ............................  5                |
        |      1   1   3 ................................  3   2   1   1|
        |    ...........................................................|
        +---+---+---+---+---+---+---+---+---+---+---+---+---+---+---+---+
       -4      -3      -2      -1       0      +1      +2      +3      +4

              77 values outside (-1,+1): 29.62 % (31.74 % expected)
              12 values outside (-2,+2):  4.62 % ( 4.56 % expected)

Autocorrelation function (acf bands = +- 0.124):

            -1                         0                         1  L-B Q  DF
-------------+-------------------------+-------------------------+--------------
   1  -0.029 |                      : *|  :                      | 
   2   0.063 |                      :  |**:                      | 
   3  -0.009 |                      :  |  :                      | 
   4   0.099 |                      :  |**:                      | 
   5   0.074 |                      :  |**:                      | 
   6   0.035 |                      :  |* :                      | 
   7   0.091 |                      :  |**:                      | 
   8  -0.042 |                      : *|  :                      | 
   9   0.091 |                      :  |**:                      | 
  10  -0.112 |                      ***|  :                      | 
  11   0.088 |                      :  |**:                      | 
  12  -0.044 +                      : +|  :                      +  16.73  10
  13   0.034 |                      :  |* :                      | 
  14  -0.070 |                      :**|  :                      | 
  15   0.038 |                      :  |* :                      | 
  16   0.030 |                      :  |* :                      | 
  17   0.006 |                      :  |  :                      | 
  18  -0.069 |                      :**|  :                      | 
  19  -0.027 |                      : *|  :                      | 
  20   0.060 |                      :  |**:                      | 
  21   0.018 |                      :  |  :                      | 
  22  -0.068 |                      :**|  :                      | 
  23   0.000 |                      :  |  :                      | 
  24  -0.031 +                      : +|  :                      +  23.32  22
  25  -0.024 |                      : *|  :                      | 
  26   0.016 |                      :  |  :                      | 
  27   0.006 |                      :  |  :                      | 
  28   0.007 |                      :  |  :                      | 
  29  -0.049 |                      : *|  :                      | 
  30   0.089 |                      :  |**:                      | 
  31   0.010 |                      :  |  :                      | 
  32   0.083 |                      :  |**:                      | 
  33  -0.088 |                      :**|  :                      | 
  34   0.009 |                      :  |  :                      | 
  35   0.037 |                      :  |* :                      | 
  36   0.047 +                      :  |+ :                      +  32.19  34
  37   0.013 |                      :  |  :                      | 
  38  -0.014 |                      :  |  :                      | 
  39  -0.007 |                      :  |  :                      |  32.32  37
-------------+-------------------------+-------------------------+--------------
            -1                         0                         1  L-B Q  DF

Partial autocorrelation function (pacf bands = +- 0.124):

            -1                         0                         1
-------------+-------------------------+-------------------------+--------------
   1  -0.029 |                      : *|  :                      | 
   2   0.062 |                      :  |**:                      | 
   3  -0.005 |                      :  |  :                      | 
   4   0.095 |                      :  |**:                      | 
   5   0.081 |                      :  |**:                      | 
   6   0.028 |                      :  |* :                      | 
   7   0.088 |                      :  |**:                      | 
   8  -0.049 |                      : *|  :                      | 
   9   0.066 |                      :  |**:                      | 
  10  -0.116 |                      ***|  :                      | 
  11   0.053 |                      :  |* :                      | 
  12  -0.037 +                      : +|  :                      + 
  13   0.011 |                      :  |  :                      | 
  14  -0.062 |                      :**|  :                      | 
  15   0.041 |                      :  |* :                      | 
  16   0.028 |                      :  |* :                      | 
  17   0.029 |                      :  |* :                      | 
  18  -0.091 |                      :**|  :                      | 
  19   0.001 |                      :  |  :                      | 
  20   0.030 |                      :  |* :                      | 
  21   0.048 |                      :  |* :                      | 
  22  -0.097 |                      :**|  :                      | 
  23   0.030 |                      :  |* :                      | 
  24  -0.056 +                      : +|  :                      + 
  25  -0.004 |                      :  |  :                      | 
  26   0.010 |                      :  |  :                      | 
  27   0.030 |                      :  |* :                      | 
  28  -0.010 |                      :  |  :                      | 
  29  -0.018 |                      :  |  :                      | 
  30   0.089 |                      :  |**:                      | 
  31   0.040 |                      :  |* :                      | 
  32   0.043 |                      :  |* :                      | 
  33  -0.071 |                      :**|  :                      | 
  34  -0.014 |                      :  |  :                      | 
  35   0.040 |                      :  |* :                      | 
  36   0.015 +                      :  |  :                      + 
  37  -0.005 |                      :  |  :                      | 
  38   0.004 |                      :  |  :                      | 
  39  -0.033 |                      : *|  :                      | 
-------------+-------------------------+-------------------------+--------------
            -1                         0                         1

      +------------------------------------------------------+
      |         Calibration of distortions of the ACF        |
      |                                                      |
      +------------------------------------------------------+
      |                                                      |
      |     Lag                 Dates          Contribution  |
      |                                                      |
      |  r(1) = -0.029       2/2021 -  3/2021       -0.036    |
      |                     1/2021 -  2/2021       -0.034    |
      |                     7/2023 -  8/2023       -0.016    |
      |                    11/2021 - 12/2021       -0.016    |
      |                                                      |
      |  r(2) = 0.063       10/2021 - 12/2021        0.036    |
      |                     1/2021 -  3/2021        0.031    |
      |                    12/2021 -  2/2022        0.031    |
      |                     7/2023 -  9/2023        0.018    |
      |                                                      |
      |  r(3) = -0.009       4/2023 -  7/2023       -0.032    |
      |                     7/2023 - 10/2023       -0.025    |
      |                    12/2021 -  3/2022       -0.012    |
      |                     3/2020 -  6/2020       -0.010    |
      |                                                      |
      |  r(4) = 0.099       10/2021 -  2/2022        0.020    |
      |                     8/2021 - 12/2021        0.020    |
      |                     3/2020 -  7/2020        0.016    |
      |                     4/2023 -  8/2023        0.012    |
      |                                                      |
      |  r(5) = 0.074        9/2021 -  2/2022        0.017    |
      |                     3/2021 -  8/2021        0.016    |
      |                     8/2015 -  1/2016        0.014    |
      |                    10/2022 -  3/2023        0.010    |
      |                                                      |
      |  r(6) = 0.035        3/2021 -  9/2021        0.024    |
      |                    10/2022 -  4/2023        0.021    |
      |                     4/2023 - 10/2023        0.019    |
      |                     8/2021 -  2/2022        0.011    |
      |                                                      |
      |  r(7) = 0.091        3/2021 - 10/2021        0.028    |
      |                     7/2020 -  2/2021        0.017    |
      |                     9/2022 -  4/2023        0.016    |
      |                     1/2021 -  8/2021        0.015    |
      |                                                      |
      |  r(8) = -0.042       2/2021 - 10/2021       -0.030    |
      |                     2/2022 - 10/2022       -0.018    |
      |                     7/2020 -  3/2021       -0.016    |
      |                     3/2021 - 11/2021       -0.013    |
      |                                                      |
      |  r(9) = 0.091        3/2021 - 12/2021        0.043    |
      |                     1/2021 - 10/2021        0.026    |
      |                     2/2021 - 11/2021        0.014    |
      |                     4/2013 -  1/2014        0.011    |
      |                                                      |
      |  r(10) = -0.112       2/2021 - 12/2021       -0.046    |
      |                    12/2021 - 10/2022       -0.032    |
      |                     3/2020 -  1/2021       -0.031    |
      |                     9/2022 -  7/2023       -0.022    |
      |                                                      |
      |  r(11) = 0.088        1/2021 - 12/2021        0.040    |
      |                     3/2020 -  2/2021        0.036    |
      |                     3/2021 -  2/2022        0.024    |
      |                     1/2014 - 12/2014        0.013    |
      |                                                      |
      |  r(12) = -0.044       3/2020 -  3/2021       -0.033    |
      |                     2/2021 -  2/2022       -0.026    |
      |                    10/2021 - 10/2022       -0.021    |
      |                     9/2021 -  9/2022       -0.014    |
      |                                                      |
      |  r(13) = 0.034        1/2021 -  2/2022        0.023    |
      |                    12/2014 -  1/2016        0.018    |
      |                     9/2022 - 10/2023        0.013    |
      |                     1/2016 -  2/2017        0.013    |
      |                                                      |
      |  r(14) = -0.070       2/2022 -  4/2023       -0.020    |
      |                    10/2020 - 12/2021       -0.012    |
      |                     8/2021 - 10/2022       -0.012    |
      |                     7/2020 -  9/2021       -0.012    |
      |                                                      |
      |  r(15) = 0.038       12/2018 -  3/2020        0.016    |
      |                     1/2015 -  4/2016        0.011    |
      |                     9/2013 - 12/2014        0.009    |
      |                    10/2014 -  1/2016        0.009    |
      |                                                      |
      |  r(16) = 0.030       11/2018 -  3/2020        0.019    |
      |                     1/2016 -  5/2017        0.016    |
      |                    12/2014 -  4/2016        0.013    |
      |                     3/2020 -  7/2021        0.009    |
      |                                                      |
      |  r(17) = 0.006        2/2022 -  7/2023        0.027    |
      |                    12/2016 -  5/2018        0.012    |
      |                    11/2021 -  4/2023        0.011    |
      |                    12/2015 -  5/2017        0.009    |
      |                                                      |
      |  r(18) = -0.069       3/2020 -  9/2021       -0.024    |
      |                    10/2021 -  4/2023       -0.024    |
      |                     3/2021 -  9/2022       -0.019    |
      |                     7/2012 -  1/2014       -0.013    |
      |                                                      |
      |  r(19) = -0.027       3/2020 - 10/2021       -0.028    |
      |                     3/2021 - 10/2022       -0.025    |
      |                     9/2021 -  4/2023       -0.020    |
      |                     7/2020 -  2/2022       -0.012    |
      |                                                      |
      |  r(20) = 0.060        2/2021 - 10/2022        0.027    |
      |                     3/2020 - 11/2021        0.013    |
      |                     4/2013 - 12/2014        0.012    |
      |                     5/2012 -  1/2014        0.012    |
      |                                                      |
      |  r(21) = 0.018       10/2021 -  7/2023        0.031    |
      |                    12/2021 -  9/2023        0.020    |
      |                     4/2013 -  1/2015        0.010    |
      |                     6/2018 -  3/2020        0.010    |
      |                                                      |
      |  r(22) = -0.068      12/2021 - 10/2023       -0.028    |
      |                     5/2018 -  3/2020       -0.023    |
      |                    10/2021 -  8/2023       -0.012    |
      |                     3/2019 -  1/2021       -0.011    |
      |                                                      |
      |  r(23) = 0.000        8/2021 -  7/2023        0.018    |
      |                    10/2021 -  9/2023        0.013    |
      |                     3/2019 -  2/2021        0.013    |
      |                     2/2019 -  1/2021        0.013    |
      |                                                      |
      |  r(24) = -0.031      10/2021 - 10/2023       -0.019    |
      |                     2/2019 -  2/2021       -0.015    |
      |                     3/2021 -  3/2023       -0.013    |
      |                     3/2019 -  3/2021       -0.012    |
      |                                                      |
      |  r(25) = -0.024       3/2021 -  4/2023       -0.028    |
      |                     9/2021 - 10/2023       -0.016    |
      |                    12/2018 -  1/2021       -0.015    |
      |                     4/2016 -  5/2018       -0.014    |
      |                                                      |
      |  r(26) = 0.016        2/2021 -  4/2023        0.030    |
      |                    12/2018 -  2/2021        0.017    |
      |                     1/2016 -  3/2018        0.014    |
      |                    12/2014 -  2/2017        0.010    |
      |                                                      |
      |  r(27) = 0.006       11/2018 -  2/2021        0.020    |
      |                     7/2020 - 10/2022        0.012    |
      |                     1/2014 -  4/2016        0.012    |
      |                    12/2015 -  3/2018        0.008    |
      |                                                      |
      |  r(28) = 0.007        3/2021 -  7/2023        0.037    |
      |                     9/2013 -  1/2016        0.012    |
      |                     1/2015 -  5/2017        0.010    |
      |                     4/2013 -  8/2015        0.010    |
      |                                                      |
      |  r(29) = -0.049       2/2021 -  7/2023       -0.040    |
      |                     3/2021 -  8/2023       -0.015    |
      |                     7/2012 - 12/2014       -0.014    |
      |                    12/2015 -  5/2018       -0.011    |
      |                                                      |
      |  r(30) = 0.089        1/2021 -  7/2023        0.035    |
      |                     3/2020 -  9/2022        0.019    |
      |                     2/2021 -  8/2023        0.016    |
      |                     3/2021 -  9/2023        0.016    |
      |                                                      |
      |  r(31) = 0.010        3/2020 - 10/2022        0.025    |
      |                     5/2012 - 12/2014        0.013    |
      |                     4/2016 - 11/2018        0.011    |
      |                     2/2019 -  9/2021        0.010    |
      |                                                      |
      |  r(32) = 0.083        2/2021 - 10/2023        0.024    |
      |                     5/2018 -  1/2021        0.021    |
      |                     1/2021 -  9/2023        0.015    |
      |                     2/2019 - 10/2021        0.012    |
      |                                                      |
      |  r(33) = -0.088       5/2018 -  2/2021       -0.024    |
      |                     1/2021 - 10/2023       -0.021    |
      |                     3/2019 - 12/2021       -0.016    |
      |                     8/2015 -  5/2018       -0.011    |
      |                                                      |
      |  r(34) = 0.009        5/2018 -  3/2021        0.023    |
      |                     5/2017 -  3/2020        0.019    |
      |                     2/2019 - 12/2021        0.018    |
      |                     1/2016 - 11/2018        0.016    |
      |                                                      |
      |  r(35) = 0.037        3/2018 -  2/2021        0.017    |
      |                     1/2016 - 12/2018        0.013    |
      |                    12/2015 - 11/2018        0.009    |
      |                     2/2018 -  1/2021        0.009    |
      |                                                      |
      |  r(36) = 0.047        3/2020 -  3/2023        0.013    |
      |                     1/2013 -  1/2016        0.013    |
      |                     3/2017 -  3/2020        0.012    |
      |                     4/2013 -  4/2016        0.012    |
      |                                                      |
      |  r(37) = 0.013        3/2020 -  4/2023        0.028    |
      |                     2/2017 -  3/2020        0.015    |
      |                     6/2020 -  7/2023        0.011    |
      |                     2/2018 -  3/2021        0.010    |
      |                                                      |
      |  r(38) = -0.014       1/2017 -  3/2020       -0.012    |
      |                    12/2018 -  2/2022       -0.011    |
      |                     7/2012 -  9/2015       -0.008    |
      |                     7/2020 -  9/2023       -0.008    |
      |                                                      |
      |  r(39) = -0.007      12/2016 -  3/2020       -0.018    |
      |                     4/2020 -  7/2023       -0.015    |
      |                    11/2018 -  2/2022       -0.013    |
      |                     9/2013 - 12/2016       -0.008    |
      |                                                      |
      +------------------------------------------------------+
