
Output file            : RATIO_m10.out
Estimation method      : exact maximum likelihood
Check for invertibility: constrained search

Observations: 84.
Parameters  : 4.

**** GRADIENT STOPPING CRITERIUM SATISFIED TO WITHIN TOLERANCE LIMITS
**** CONVERGENCE OBTAINED AFTER 19 ITERATIONS [GRADIENT NORM = 0.0000]

Omegas for deterministic variable 1:
      4.867142  (1.200129) [ 1]
Omegas for deterministic variable 2:
     -9.310300  (1.284216) [ 2]
Omegas for deterministic variable 3:
      7.717989  (0.619681) [ 3]
Coefficients for annual AR factor 1:
      0.545941  (0.091584) [ 4]
Mean parameter (mu):
      0.000000

Box-Cox lambda     :  0.0
Seasonal period    :  4
Regular differences:  1
Annual differences :  0
Irreducible factors:  0 0 0

Coefficients of the non-stationary operator: 
  u[ 1]     =    1.0000000000
Coefficients of the Autoregressive operator: 
  phi[ 1]   =   -0.0000000000
  phi[ 2]   =   -0.0000000000
  phi[ 3]   =   -0.0000000000
  phi[ 4]   =    0.5459414034
Coefficients of the Moving-Average operator: 

sigma2:  32.8668171572 (   5.1019194830)
sigma :   5.7329588484
logelf: -263.4169275854

Selection Model Criterium:
Hannan-Quinn =   3.56
Schwarz   =   3.71

Estimated covariance matrix:

x[ 1] ->  1.440308462
x[ 2] ->  0.020748101  1.649210847
x[ 3] ->  0.014127642  0.044538505  0.384004213
x[ 4] ->  0.000147789  0.003028459  0.000658244  0.008387672


Estimated correlation matrix:

x[ 1] ->  1.00
x[ 2] ->  0.01  1.00
x[ 3] ->  0.02  0.06  1.00
x[ 4] ->  0.00  0.03  0.01  1.00

Correlations greater than or equal to 0.7 in absolute value:


Unconditional residuals (seasonal period: 4)
83 observations: from 2/2004 to 4/2024

                  Mean:           0.044688
Standard error of mean:           0.622304
              Variance:          32.142798
    Standard deviation:           5.669462
              Skewness:           0.833353
              Kurtosis:           2.581595
           Jarque-Bera:          30.688266
               Minimum:         -11.438716 at  1/2022 (observation  72)
               Maximum:          22.423148 at  2/2020 (observation  65)

Standardized time series plot (original values on right-side column):

                   -3    -2     -1     0    +1     +2    +3       
-------------+------+-----+------+-----+-----+------+-----+------+--------------
   1  2/2004 |            : *    :     |     :      :            | -9.5220274877
   2  3/2004 |            :      :     |  *  :      :            |  2.4000164797
   3  4/2004 +            :      :     | *   :      :            +  2.0684531175
   4  1/2005 |            :      :     |     :*     :            |  6.3584226226
   5  2/2005 |            :    * :     |     :      :            | -7.1319361364
   6  3/2005 |            :      :  *  |     :      :            | -2.3829395718
   7  4/2005 +            :      :   * |     :      :            + -1.9629626658
   8  1/2006 |            :      :    *|     :      :            | -0.7874191864
   9  2/2006 |            :     *:     |     :      :            | -6.4842716289
  10  3/2006 |            :      :   * |     :      :            | -1.4132211688
  11  4/2006 +            :      :     |   * :      :            +  3.9173066366
  12  1/2007 |            :      :     |     :   *  :            |  9.0269143293
  13  2/2007 |            :    * :     |     :      :            | -6.8921005507
  14  3/2007 |            :      :  *  |     :      :            | -2.6226234210
  15  4/2007 +            :      :     |  *  :      :            +  2.4093587166
  16  1/2008 |            :     *:     |     :      :            | -5.9361554809
  17  2/2008 |            :      :  *  |     :      :            | -3.0114651973
  18  3/2008 |            :      :     *     :      :            |  0.2710122337
  19  4/2008@+            :      :     |     :      :      *     +@17.9826830571
  20  1/2009 |            :      :     |*    :      :            |  0.5389196939
  21  2/2009 |            :      :     |  *  :      :            |  2.4380551538
  22  3/2009 |            :      :     | *   :      :            |  1.5563725227
  23  4/2009 +            :*     :     |     :      :            + -10.7661962831
  24  1/2010 |            :      :     *     :      :            |  0.3602223596
  25  2/2010 |            :   *  :     |     :      :            | -7.7093555822
  26  3/2010 |            :      :     | *   :      :            |  1.8872064727
  27  4/2010 +            :      :   * |     :      :            + -2.0468471260
  28  1/2011 |            :      :     *     :      :            | -0.3137323977
  29  2/2011 |            :      :     |     :  *   :            |  8.5005381061
  30  3/2011 |            :      *     |     :      :            | -5.5213002736
  31  4/2011 +            :      :     |     :*     :            +  6.6126937874
  32  1/2012 |            :      *     |     :      :            | -5.0489435685
  33  2/2012 |            :      :     *     :      :            | -0.3620635421
  34  3/2012 |            :      :     |*    :      :            |  0.9797119528
  35  4/2012 +            :      *     |     :      :            + -4.9942204718
  36  1/2013 |            :      :     |   * :      :            |  3.8528126074
  37  2/2013 |            :      :     |  *  :      :            |  2.9583529097
  38  3/2013 |            :      :     |*    :      :            |  1.3416103984
  39  4/2013 +            :      :     |  *  :      :            +  2.3822365926
  40  1/2014 |            :      :     | *   :      :            |  1.4805668357
  41  2/2014 |            :      :   * |     :      :            | -1.6091586300
  42  3/2014 |            :      :     | *   :      :            |  1.8061732318
  43  4/2014 +            :      :     |*    :      :            +  1.3275106820
  44  1/2015 |            :      :     |     : *    :            |  7.5554656764
  45  2/2015 |            :      :     |   * :      :            |  3.2466961657
  46  3/2015 |            :      :     |     *      :            |  5.7353347223
  47  4/2015 +            :      :   * |     :      :            + -1.8361051174
  48  1/2016 |            :   *  :     |     :      :            | -8.3334710676
  49  2/2016 |            :      :    *|     :      :            | -0.8891164367
  50  3/2016 |            :      :*    |     :      :            | -4.1430148041
  51  4/2016 +            :      :  *  |     :      :            + -2.2499378572
  52  1/2017 |            :      :     | *   :      :            |  1.5483940583
  53  2/2017 |            :      :     | *   :      :            |  1.3919977610
  54  3/2017 |            :      :   * |     :      :            | -2.0334714564
  55  4/2017 +            :      :    *|     :      :            + -0.6363143191
  56  1/2018 |            :      :     | *   :      :            |  1.7938694780
  57  2/2018 |            :      :     | *   :      :            |  1.9774388412
  58  3/2018 |            :      :     |    *:      :            |  4.1332914515
  59  4/2018 +            :      :     *     :      :            + -0.3387394362
  60  1/2019 |            :      :    *|     :      :            | -1.1326986797
  61  2/2019 |            :      :     | *   :      :            |  1.4777739339
  62  3/2019 |            :      :     | *   :      :            |  1.8431812175
  63  4/2019 +            :      :*    |     :      :            + -4.2901451808
  64  1/2020 |            :      :     *     :      :            |  0.1505451281
  65  2/2020@|            :      :     |     :      :           *|@22.4231484892
  66  3/2020@|            *      :     |     :      :            |@-11.4223037601
  67  4/2020 +            :  *   :     |     :      :            + -8.4712039178
  68  1/2021 |            :      :  *  |     :      :            | -2.1934414395
  69  2/2021 |            :    * :     |     :      :            | -7.2437950511
  70  3/2021 |            :      :     |     :    * :            |  9.4459158934
  71  4/2021 +            :      :     |   * :      :            +  3.9806545612
  72  1/2022@|            *      :     |     :      :            |@-11.4387162986
  73  2/2022 |            :      :     |     :  *   :            |  8.4924343636
  74  3/2022 |            :      :     |*    :      :            |  1.1986138652
  75  4/2022 +            :      :  *  |     :      :            + -2.8996682037
  76  1/2023 |            :      : *   |     :      :            | -3.7383661232
  77  2/2023 |            :      :     |     :  *   :            |  8.5473410205
  78  3/2023 |            :      :    *|     :      :            | -0.9333307253
  79  4/2023 +            :      :*    |     :      :            + -4.1407045036
  80  1/2024 |            :      :     *     :      :            | -0.0690718731
  81  2/2024 |            :      :     | *   :      :            |  2.1696362690
  82  3/2024 |            :      : *   |     :      :            | -3.6924089366
  83  4/2024 +            :      :     |  *  :      :            +  2.7851694920
-------------+------+-----+------+-----+-----+------+-----+------+--------------
                   -3    -2     -1     0    +1     +2    +3       

                 +------------------------------------------+
                 |       Table of standardized values       |
                 |       greater than or equal to 2.0       |
                 +------------------------------------------+
                 |                                          |
                 | Observation    Date   Standardized value |
                 |                                          |
                 |     19        4/2008         3.16        |
                 |     65        2/2020         3.95        |
                 |     66        3/2020        -2.02        |
                 |     72        1/2022        -2.03        |
                 +------------------------------------------+

Standardized time series histogram:

       -4      -3      -2      -1       0      +1      +2      +3      +4
        +---+---+---+---+---+---+---+---+---+---+---+---+---+---+---+---+
        |                                 25                            |
        |                                ....                           |
        |                                ....                           |
        |                             19 ....                           |
        |                            ........                           |
        |                            ........                           |
        |                            ........                           |
        |                            ........                           |
        |                            ........                           |
        |                         10 ........                           |
        |                        ............                           |
        |                      7 ............      7                    |
        |                    ................  6 ....                   |
        |                    ........................                   |
        |              2   3 ........................  2                |
        |            ....................................          1   1|
        |            ....................................        .......|
        +---+---+---+---+---+---+---+---+---+---+---+---+---+---+---+---+
       -4      -3      -2      -1       0      +1      +2      +3      +4

              23 values outside (-1,+1): 27.71 % (31.74 % expected)
               4 values outside (-2,+2):  4.82 % ( 4.56 % expected)

Autocorrelation function (acf bands = +- 0.220):

            -1                         0                         1  L-B Q  DF
-------------+-------------------------+-------------------------+--------------
   1  -0.161 |                    :****|    :                    | 
   2  -0.144 |                    :****|    :                    | 
   3   0.029 |                    :    |*   :                    | 
   4  -0.158 +                    :++++|    :                    +   6.32   3
   5  -0.031 |                    :   *|    :                    | 
   6  -0.112 |                    : ***|    :                    | 
   7   0.091 |                    :    |**  :                    | 
   8   0.112 +                    :    |+++ :                    +   9.51   7
   9   0.051 |                    :    |*   :                    | 
  10  -0.021 |                    :   *|    :                    | 
  11  -0.232 |                   ******|    :                    | 
  12   0.150 +                    :    |++++:                    +  17.30  11
  13  -0.020 |                    :    |    :                    | 
  14  -0.167 |                    :****|    :                    | 
  15   0.077 |                    :    |**  :                    |  20.79  14
-------------+-------------------------+-------------------------+--------------
            -1                         0                         1  L-B Q  DF

Partial autocorrelation function (pacf bands = +- 0.220):

            -1                         0                         1
-------------+-------------------------+-------------------------+--------------
   1  -0.161 |                    :****|    :                    | 
   2  -0.174 |                    :****|    :                    | 
   3  -0.028 |                    :   *|    :                    | 
   4  -0.193 +                    +++++|    :                    + 
   5  -0.107 |                    : ***|    :                    | 
   6  -0.222 |                   ******|    :                    | 
   7  -0.014 |                    :    |    :                    | 
   8   0.033 +                    :    |+   :                    + 
   9   0.081 |                    :    |**  :                    | 
  10  -0.017 |                    :    |    :                    | 
  11  -0.241 |                   ******|    :                    | 
  12   0.076 +                    :    |++  :                    + 
  13  -0.005 |                    :    |    :                    | 
  14  -0.136 |                    : ***|    :                    | 
  15  -0.087 |                    :  **|    :                    | 
-------------+-------------------------+-------------------------+--------------
            -1                         0                         1

      +------------------------------------------------------+
      |         Calibration of distortions of the ACF        |
      |                                                      |
      +------------------------------------------------------+
      |                                                      |
      |     Lag                 Dates          Contribution  |
      |                                                      |
      |  r(1) = -0.161       2/2020 -  3/2020       -0.096    |
      |                     1/2022 -  2/2022       -0.036    |
      |                     2/2021 -  3/2021       -0.026    |
      |                     1/2007 -  2/2007       -0.023    |
      |                                                      |
      |  r(2) = -0.144       2/2020 -  4/2020       -0.071    |
      |                     3/2021 -  1/2022       -0.040    |
      |                     4/2019 -  2/2020       -0.036    |
      |                     2/2008 -  4/2008       -0.021    |
      |                                                      |
      |  r(3) = 0.029        2/2021 -  1/2022        0.031    |
      |                     3/2020 -  2/2021        0.031    |
      |                     3/2021 -  2/2022        0.030    |
      |                     4/2019 -  3/2020        0.019    |
      |                                                      |
      |  r(4) = -0.158       4/2008 -  4/2009       -0.073    |
      |                     2/2020 -  2/2021       -0.061    |
      |                     3/2020 -  3/2021       -0.040    |
      |                     2/2010 -  2/2011       -0.025    |
      |                                                      |
      |  r(5) = -0.031       1/2022 -  2/2023       -0.037    |
      |                     3/2007 -  4/2008       -0.018    |
      |                     3/2020 -  4/2021       -0.017    |
      |                     1/2005 -  2/2006       -0.015    |
      |                                                      |
      |  r(6) = -0.112       4/2008 -  2/2010       -0.052    |
      |                     2/2007 -  4/2008       -0.047    |
      |                     4/2009 -  2/2011       -0.034    |
      |                     4/2020 -  2/2022       -0.027    |
      |                                                      |
      |  r(7) = 0.091        1/2007 -  4/2008        0.060    |
      |                     3/2018 -  2/2020        0.034    |
      |                     3/2021 -  2/2023        0.030    |
      |                     1/2008 -  4/2009        0.024    |
      |                                                      |
      |  r(8) = 0.112        2/2020 -  2/2022        0.071    |
      |                     4/2006 -  4/2008        0.026    |
      |                     2/2004 -  2/2006        0.023    |
      |                     1/2005 -  1/2007        0.021    |
      |                                                      |
      |  r(9) = 0.051        4/2009 -  1/2012        0.021    |
      |                     4/2019 -  1/2022        0.019    |
      |                     1/2008 -  2/2010        0.017    |
      |                     1/2018 -  2/2020        0.015    |
      |                                                      |
      |  r(10) = -0.021       2/2006 -  4/2008       -0.044    |
      |                     4/2020 -  2/2023       -0.027    |
      |                     2/2020 -  4/2022       -0.025    |
      |                     2/2004 -  4/2006       -0.014    |
      |                                                      |
      |  r(11) = -0.232       4/2008 -  3/2011       -0.037    |
      |                     3/2020 -  2/2023       -0.037    |
      |                     1/2007 -  4/2009       -0.036    |
      |                     2/2004 -  1/2007       -0.032    |
      |                                                      |
      |  r(12) = 0.150        2/2020 -  2/2023        0.071    |
      |                     4/2008 -  4/2011        0.044    |
      |                     2/2004 -  2/2007        0.025    |
      |                     4/2009 -  4/2012        0.020    |
      |                                                      |
      |  r(13) = -0.020       4/2008 -  1/2012       -0.034    |
      |                     1/2007 -  2/2010       -0.026    |
      |                     1/2008 -  2/2011       -0.019    |
      |                     3/2005 -  4/2008       -0.016    |
      |                                                      |
      |  r(14) = -0.167       2/2005 -  4/2008       -0.048    |
      |                     2/2020 -  4/2023       -0.035    |
      |                     4/2016 -  2/2020       -0.019    |
      |                     3/2018 -  1/2022       -0.018    |
      |                                                      |
      |  r(15) = 0.077        1/2005 -  4/2008        0.042    |
      |                     2/2011 -  1/2015        0.024    |
      |                     2/2004 -  1/2008        0.021    |
      |                     4/2011 -  3/2015        0.014    |
      |                                                      |
      +------------------------------------------------------+
