
Output file            : PGAS_m20.out
Estimation method      : exact maximum likelihood
Check for invertibility: constrained search

Observations: 84.
Parameters  : 3.

**** GRADIENT STOPPING CRITERIUM SATISFIED TO WITHIN TOLERANCE LIMITS
**** CONVERGENCE OBTAINED AFTER 8 ITERATIONS [GRADIENT NORM = 0.0000]

Omegas for deterministic variable 1:
    -19.476450  (6.291716) [ 1]
Coefficients for regular AR factor 1:
      0.764734  (0.105994) [ 2]
     -0.263975  (0.107124) [ 3]
Mean parameter (mu):
      0.000000

Box-Cox lambda     :  0.0
Seasonal period    :  4
Regular differences:  1
Annual differences :  0
Irreducible factors:  0 0 0

Coefficients of the non-stationary operator: 
  u[ 1]     =    1.0000000000
Coefficients of the Autoregressive operator: 
  phi[ 1]   =    0.7647344863
  phi[ 2]   =   -0.2639749055
Coefficients of the Moving-Average operator: 

sigma2:  62.5955725836 (   9.7167173135)
sigma :   7.9117363823
logelf: -289.7448469703

Selection Model Criterium:
Hannan-Quinn =   4.24
Schwarz   =   4.46

Estimated covariance matrix:

x[ 1] -> 39.585683979
x[ 2] ->  0.097480543  0.011234634
x[ 3] -> -0.154279737 -0.007059143  0.011475482


Estimated correlation matrix:

x[ 1] ->  1.00
x[ 2] ->  0.15  1.00
x[ 3] -> -0.23 -0.62  1.00

Correlations greater than or equal to 0.7 in absolute value:


Unconditional residuals (seasonal period: 4)
83 observations: from 2/2004 to 4/2024

                  Mean:           0.815770
Standard error of mean:           0.863793
              Variance:          61.929527
    Standard deviation:           7.869532
              Skewness:          -0.283257
              Kurtosis:           0.845059
           Jarque-Bera:           3.363952
               Minimum:         -20.867338 at  2/2020 (observation  65)
               Maximum:          21.340278 at  3/2009 (observation  22)

Standardized time series plot (original values on right-side column):

                    -2       -1        0       +1       +2        
-------------+-------+--------+--------+--------+--------+-------+--------------
   1  2/2004 |       :        :       *|        :        :       |  0.1555845747
   2  3/2004 |       :        :        *        :        :       |  0.9741630889
   3  4/2004 +       :        :      * |        :        :       + -0.8007764125
   4  1/2005@|       :        :        |        :        :*      |@17.4614417320
   5  2/2005 |       :       *:        |        :        :       | -8.0126523561
   6  3/2005@|       :        :        |        :        :*      |@17.4473719022
   7  4/2005 +       :        :        |   *    :        :       +  4.0969052793
   8  1/2006 |       :        :   *    |        :        :       | -3.3681391245
   9  2/2006 |       :        :        |    *   :        :       |  4.9301325568
  10  3/2006 |       :        :        |        :  *     :       | 11.0622907101
  11  4/2006 +       :        : *      |        :        :       + -5.5409184378
  12  1/2007 |       :        :    *   |        :        :       | -2.4922484408
  13  2/2007 |       :        :      * |        :        :       | -0.5265999843
  14  3/2007 |       :        :        |        :   *    :       | 12.2869247061
  15  4/2007 +       :        :        | *      :        :       +  2.4704335005
  16  1/2008 |       :        :        |        : *      :       |  9.9396902817
  17  2/2008 |       :        :     *  |        :        :       | -1.4365519583
  18  3/2008 |       :        :        |        :    *   :       | 13.2754748369
  19  4/2008 +       :        :        |      * :        :       +  6.5033034870
  20  1/2009@|   *   :        :        |        :        :       |@-18.3904085990
  21  2/2009@|     * :        :        |        :        :       |@-16.6816874789
  22  3/2009@|       :        :        |        :        :     * |@21.3402783858
  23  4/2009 +       :        :        |*       :        :       +  1.4849592944
  24  1/2010 |       :        :        |    *   :        :       |  4.7207789706
  25  2/2010 |       :        :     *  |        :        :       | -2.0741248120
  26  3/2010 |       :        :        |*       :        :       |  1.6671234334
  27  4/2010 +       :        :      * |        :        :       + -0.5532492588
  28  1/2011 |       :        :        |     *  :        :       |  5.5985646136
  29  2/2011 |       :        :        |        *        :       |  8.4697303853
  30  3/2011 |       :        :        |   *    :        :       |  4.6933071989
  31  4/2011 +       :        :      * |        :        :       + -0.4956047167
  32  1/2012 |       :        :       *|        :        :       |  0.0473817318
  33  2/2012 |       :        :        |      * :        :       |  6.6429338719
  34  3/2012 |       :        :   *    |        :        :       | -3.2697423795
  35  4/2012 +       :        :     *  |        :        :       + -1.3994720471
  36  1/2013 |       :        :       *|        :        :       | -0.3086736196
  37  2/2013 |       :        :        *        :        :       |  0.9432529066
  38  3/2013 |       :        :    *   |        :        :       | -2.3452549094
  39  4/2013 +       :        :       *|        :        :       +  0.1110579530
  40  1/2014 |       :        :        *        :        :       |  0.7001596205
  41  2/2014 |       :        :      * |        :        :       | -0.5059655687
  42  3/2014 |       :        :    *   |        :        :       | -3.0133409569
  43  4/2014 +       :        *        |        :        :       + -7.2275178462
  44  1/2015 |       :   *    :        |        :        :       | -11.1333870503
  45  2/2015 |       :        : *      |        :        :       | -5.1822252311
  46  3/2015 |       :        :       *|        :        :       | -0.1696921617
  47  4/2015 +       :  *     :        |        :        :       + -11.7637283608
  48  1/2016 |       : *      :        |        :        :       | -12.9977598273
  49  2/2016 |       :     *  :        |        :        :       | -9.6260323743
  50  3/2016 |       :        :        |        :       *:       | 15.3249194698
  51  4/2016 +       :        :        |   *    :        :       +  4.1851197404
  52  1/2017 |       :        :        |    *   :        :       |  5.0289424256
  53  2/2017 |       :        :        *        :        :       |  1.0913080289
  54  3/2017 |       :        :       *|        :        :       |  0.3765823118
  55  4/2017 +       :        :       *|        :        :       +  0.2882587138
  56  1/2018 |       :        :        |        :*       :       |  9.5023297055
  57  2/2018 |       :        :        *        :        :       |  0.7644691127
  58  3/2018 |       :        :        |    *   :        :       |  4.9746406375
  59  4/2018 +       :        :        |*       :        :       +  1.7552680690
  60  1/2019 |       :        :      * |        :        :       | -0.9425242148
  61  2/2019 |       :        :        *        :        :       |  0.4332338488
  62  3/2019 |       :        : *      |        :        :       | -5.3222289836
  63  4/2019 +       :        :   *    |        :        :       + -3.8106813815
  64  1/2020 |       :        :        |    *   :        :       |  5.4631189262
  65  2/2020@|*      :        :        |        :        :       |@-20.8673383840
  66  3/2020 |       :     *  :        |        :        :       | -9.1963693319
  67  4/2020 +       :        :        |        :  *     :       + 11.3856761592
  68  1/2021 |       :        :        |   *    :        :       |  4.4266801389
  69  2/2021 |       :        :        |        :*       :       |  9.6727843919
  70  3/2021 |       :        :        |*       :        :       |  1.7982212023
  71  4/2021 +       :        :        |   *    :        :       +  4.1076526463
  72  1/2022 |       :        :        |        *        :       |  8.9178640478
  73  2/2022 |       :        :        |       *:        :       |  7.3440157751
  74  3/2022 |       :        :        |    *   :        :       |  4.8972779532
  75  4/2022@+ *     :        :        |        :        :       +@-19.6159600842
  76  1/2023 |       :        :        |  *     :        :       |  3.2407903998
  77  2/2023 |       :        :     *  |        :        :       | -1.7280636736
  78  3/2023 |       :        :        | *      :        :       |  2.2612278883
  79  4/2023 +       :        :        |   *    :        :       +  4.6154069546
  80  1/2024 |       :        *        |        :        :       | -6.9042892181
  81  2/2024 |       :        :        |  *     :        :       |  3.5498048257
  82  3/2024 |       :        :     *  |        :        :       | -1.9255350361
  83  4/2024 +       :        : *      |        :        :       + -5.0911770417
-------------+-------+--------+--------+--------+--------+-------+--------------
                    -2       -1        0       +1       +2        

                 +------------------------------------------+
                 |       Table of standardized values       |
                 |       greater than or equal to 2.0       |
                 +------------------------------------------+
                 |                                          |
                 | Observation    Date   Standardized value |
                 |                                          |
                 |      4        1/2005         2.12        |
                 |      6        3/2005         2.11        |
                 |     20        1/2009        -2.44        |
                 |     21        2/2009        -2.22        |
                 |     22        3/2009         2.61        |
                 |     65        2/2020        -2.76        |
                 |     75        4/2022        -2.60        |
                 +------------------------------------------+

Standardized time series histogram:

       -4      -3      -2      -1       0      +1      +2      +3      +4
        +---+---+---+---+---+---+---+---+---+---+---+---+---+---+---+---+
        |                             24                                |
        |                            ....                               |
        |                            ....                               |
        |                            ....                               |
        |                            .... 18                            |
        |                            ........                           |
        |                            ........                           |
        |                            ........                           |
        |                            ........                           |
        |                            ........ 10                        |
        |                          8 ............                       |
        |                        ................  7                    |
        |                        ....................                   |
        |                      4 ....................                   |
        |          2   2   3 ........................  2   2            |
        |        ............................................  1        |
        |        ................................................       |
        +---+---+---+---+---+---+---+---+---+---+---+---+---+---+---+---+
       -4      -3      -2      -1       0      +1      +2      +3      +4

              23 values outside (-1,+1): 27.71 % (31.74 % expected)
               7 values outside (-2,+2):  8.43 % ( 4.56 % expected)

Autocorrelation function (acf bands = +- 0.220):

            -1                         0                         1  L-B Q  DF
-------------+-------------------------+-------------------------+--------------
   1   0.026 |                    :    |*   :                    | 
   2  -0.062 |                    :  **|    :                    | 
   3  -0.000 |                    :    |    :                    | 
   4   0.085 +                    :    |++  :                    +   1.04   2
   5   0.031 |                    :    |*   :                    | 
   6  -0.003 |                    :    |    :                    | 
   7  -0.156 |                    :****|    :                    | 
   8  -0.009 +                    :    |    :                    +   3.39   6
   9  -0.046 |                    :   *|    :                    | 
  10   0.074 |                    :    |**  :                    | 
  11  -0.108 |                    : ***|    :                    | 
  12   0.085 +                    :    |++  :                    +   5.97  10
  13  -0.028 |                    :   *|    :                    | 
  14  -0.030 |                    :   *|    :                    | 
  15  -0.015 |                    :    |    :                    |   6.16  13
-------------+-------------------------+-------------------------+--------------
            -1                         0                         1  L-B Q  DF

Partial autocorrelation function (pacf bands = +- 0.220):

            -1                         0                         1
-------------+-------------------------+-------------------------+--------------
   1   0.026 |                    :    |*   :                    | 
   2  -0.062 |                    :  **|    :                    | 
   3   0.003 |                    :    |    :                    | 
   4   0.081 +                    :    |++  :                    + 
   5   0.027 |                    :    |*   :                    | 
   6   0.005 |                    :    |    :                    | 
   7  -0.155 |                    :****|    :                    | 
   8  -0.008 +                    :    |    :                    + 
   9  -0.069 |                    :  **|    :                    | 
  10   0.080 |                    :    |**  :                    | 
  11  -0.098 |                    :  **|    :                    | 
  12   0.118 +                    :    |+++ :                    + 
  13  -0.045 |                    :   *|    :                    | 
  14  -0.043 |                    :   *|    :                    | 
  15  -0.013 |                    :    |    :                    | 
-------------+-------------------------+-------------------------+--------------
            -1                         0                         1

      +------------------------------------------------------+
      |         Calibration of distortions of the ACF        |
      |                                                      |
      +------------------------------------------------------+
      |                                                      |
      |     Lag                 Dates          Contribution  |
      |                                                      |
      |  r(1) = 0.026        1/2009 -  2/2009        0.065    |
      |                     2/2020 -  3/2020        0.042    |
      |                     4/2015 -  1/2016        0.034    |
      |                     1/2016 -  2/2016        0.028    |
      |                                                      |
      |  r(2) = -0.062       1/2009 -  3/2009       -0.077    |
      |                     3/2008 -  1/2009       -0.047    |
      |                     2/2020 -  4/2020       -0.045    |
      |                     1/2016 -  3/2016       -0.039    |
      |                                                      |
      |  r(3) = -0.000       3/2008 -  2/2009       -0.042    |
      |                     4/2015 -  3/2016       -0.036    |
      |                     1/2022 -  4/2022       -0.032    |
      |                     3/2020 -  2/2021       -0.017    |
      |                                                      |
      |  r(4) = 0.085        3/2008 -  3/2009        0.050    |
      |                     3/2005 -  3/2006        0.033    |
      |                     1/2015 -  1/2016        0.032    |
      |                     3/2007 -  3/2008        0.028    |
      |                                                      |
      |  r(5) = 0.031        4/2022 -  1/2024        0.031    |
      |                     1/2015 -  2/2016        0.024    |
      |                     4/2014 -  1/2016        0.022    |
      |                     4/2020 -  1/2022        0.017    |
      |                                                      |
      |  r(6) = -0.003       3/2007 -  1/2009       -0.043    |
      |                     2/2021 -  4/2022       -0.035    |
      |                     1/2015 -  3/2016       -0.034    |
      |                     3/2020 -  1/2022       -0.016    |
      |                                                      |
      |  r(7) = -0.156       3/2007 -  2/2009       -0.039    |
      |                     2/2020 -  1/2022       -0.034    |
      |                     4/2014 -  3/2016       -0.023    |
      |                     1/2005 -  4/2006       -0.021    |
      |                                                      |
      |  r(8) = -0.009       4/2020 -  4/2022       -0.042    |
      |                     2/2020 -  2/2022       -0.028    |
      |                     2/2009 -  2/2011       -0.026    |
      |                     1/2016 -  1/2018       -0.023    |
      |                                                      |
      |  r(9) = -0.046       1/2018 -  2/2020       -0.037    |
      |                     1/2009 -  2/2011       -0.029    |
      |                     4/2015 -  1/2018       -0.021    |
      |                     2/2005 -  3/2007       -0.020    |
      |                                                      |
      |  r(10) = 0.074        2/2020 -  4/2022        0.086    |
      |                     1/2005 -  3/2007        0.037    |
      |                     3/2005 -  1/2008        0.030    |
      |                     4/2006 -  2/2009        0.022    |
      |                                                      |
      |  r(11) = -0.108       3/2006 -  2/2009       -0.035    |
      |                     4/2006 -  3/2009       -0.025    |
      |                     1/2020 -  4/2022       -0.018    |
      |                     2/2005 -  1/2008       -0.016    |
      |                                                      |
      |  r(12) = 0.085        3/2006 -  3/2009        0.041    |
      |                     3/2005 -  3/2008        0.040    |
      |                     1/2005 -  1/2008        0.030    |
      |                     4/2019 -  4/2022        0.018    |
      |                                                      |
      |  r(13) = -0.028       1/2009 -  2/2012       -0.022    |
      |                     2/2005 -  3/2008       -0.021    |
      |                     1/2017 -  2/2020       -0.018    |
      |                     4/2020 -  1/2024       -0.016    |
      |                                                      |
      |  r(14) = -0.030       3/2005 -  1/2009       -0.062    |
      |                     1/2006 -  3/2009       -0.017    |
      |                     2/2020 -  4/2023       -0.016    |
      |                     2/2012 -  4/2015       -0.014    |
      |                                                      |
      |  r(15) = -0.015       3/2016 -  2/2020       -0.061    |
      |                     3/2005 -  2/2009       -0.057    |
      |                     2/2011 -  1/2015       -0.018    |
      |                     2/2012 -  1/2016       -0.016    |
      |                                                      |
      +------------------------------------------------------+
